#Timing report of worst 1 path(s)
# Unit scale: 1e-09 seconds
# Output precision: 3

#Path 1
Startpoint: a.inpad[0] (.input at (1,5) clocked by clk)
Endpoint  : out:c.outpad[0] (.output at (1,5) clocked by clk)
Path Type : setup

Point                                                             Incr      Path
--------------------------------------------------------------------------------
clock clk (rise edge)                                            0.000     0.000
clock source latency                                             0.000     0.000
input external delay                                             1.000     1.000
a.inpad[0] (.input at (1,5))                                     0.000     1.000
| (intra 'io' routing)                                           0.429     1.429
| (inter-block routing)                                          0.986     2.415
| (intra 'clb' routing)                                          0.508     2.923
c.in[1] (.names at (1,4))                                        0.000     2.923
| (primitive '.names' combinational delay)                       0.289     3.212
c.out[0] (.names at (1,4))                                       0.000     3.212
| (intra 'clb' routing)                                          0.670     3.882
| (inter-block routing)                                          0.986     4.868
| (intra 'io' routing)                                           0.436     5.304
out:c.outpad[0] (.output at (1,5))                              -0.000     5.304
data arrival time                                                          5.304

clock clk (rise edge)                                            7.936     7.936
clock source latency                                             0.000     7.936
clock uncertainty                                                0.000     7.936
output external delay                                           -1.000     6.936
data required time                                                         6.936
--------------------------------------------------------------------------------
data required time                                                         6.936
data arrival time                                                         -5.304
--------------------------------------------------------------------------------
slack (MET)                                                                1.632


#End of timing report
