#Timing report of worst 1 path(s)
# Unit scale: 1e-09 seconds
# Output precision: 3

#Path 1
Startpoint: b.inpad[0] (.input clocked by clk)
Endpoint  : out:c.outpad[0] (.output clocked by clk)
Path Type : setup

Point                                                             Incr      Path
--------------------------------------------------------------------------------
clock clk (rise edge)                                            0.000     0.000
clock source latency                                             0.000     0.000
input external delay                                             1.000     1.000
b.inpad[0] (.input)                                              0.000     1.000
c.in[0] (.names)                                                 3.944     4.944
c.out[0] (.names)                                                0.349     5.293
out:c.outpad[0] (.output)                                        3.944     9.237
data arrival time                                                          9.237

clock clk (rise edge)                                            7.936     7.936
clock source latency                                             0.000     7.936
clock uncertainty                                                0.000     7.936
output external delay                                           -1.000     6.936
data required time                                                         6.936
--------------------------------------------------------------------------------
data required time                                                         6.936
data arrival time                                                         -9.237
--------------------------------------------------------------------------------
slack (VIOLATED)                                                          -2.301


#End of timing report
